{
  "container": "mimo-v26-sglang-tp2-c1-327k",
  "container_id": "b427cce57db68456a42e1357eb8c653697baa1f2d2b68ba76d29385da4db6d0f",
  "health": null,
  "host_memory": {
    "current_bytes": null,
    "effective_limit_bytes": null,
    "effective_swap_limit_bytes": null,
    "events": null,
    "exit_code": 2,
    "limit_bytes": 55834574848,
    "oom_killed": false,
    "peak_bytes": null,
    "ram_plus_swap_limit_bytes": 55834574848
  },
  "image": "sha256:2b6c8893bb821bc9ac3fb95bc5c7ab8bddf748cf288a0ad6ad60ee96c49610ee",
  "image_id": "sha256:2b6c8893bb821bc9ac3fb95bc5c7ab8bddf748cf288a0ad6ad60ee96c49610ee",
  "model": "XiaomiMiMo/MiMo-V2.6-Flash-RL",
  "revision": "3b38d063180c3e4aed9691fdc735f3d10b266ee4",
  "running": false,
  "schema": "recipe-container-status/v1",
  "state": "exited"
}
