{
  "data": {
    "checks": [
      {
        "code": null,
        "detail": "co-resident benchmark client explicitly declared",
        "name": "worker_isolation",
        "passed": true
      },
      {
        "code": null,
        "detail": "platform=win32 architecture=amd64",
        "name": "worker_compatibility",
        "passed": true
      },
      {
        "code": null,
        "detail": "free_bytes=1129560883200",
        "name": "free_disk",
        "passed": true
      },
      {
        "code": null,
        "detail": "available",
        "name": "container_capability",
        "passed": true
      },
      {
        "code": null,
        "detail": "writable",
        "name": "owned_output",
        "passed": true
      },
      {
        "code": null,
        "detail": "all locked assets present",
        "name": "harness_assets",
        "passed": true
      },
      {
        "code": null,
        "detail": "requested model is served",
        "name": "endpoint_identity",
        "passed": true
      }
    ],
    "created_at": "2026-09-24T05:30:08.254432Z",
    "observed": {
      "endpoint": {
        "authentication": "none",
        "base_url": "http://127.0.0.1:39283/v1",
        "configured_context": 131072,
        "requested_model": "thinkingcap-awq-5090",
        "served_models": [
          "thinkingcap-awq-5090"
        ]
      },
      "worker": {
        "architecture": "amd64",
        "container_capable": true,
        "free_disk_bytes": 1129560883200,
        "harness_assets": [],
        "id": "Primary Node",
        "owned_output_writable": true,
        "platform": "win32"
      }
    },
    "passed": true,
    "requirements": {
      "architectures": [],
      "container_required": false,
      "harness_assets": [],
      "harness_locks": {},
      "min_free_disk_bytes": 1073741824,
      "model_host_id": "Primary Node",
      "platforms": []
    },
    "run_id": "thinkingcap-5090-context-bf16-128k-mtp-uva3-scout-v1",
    "schema": "anvil-serving.benchmark-preflight/v1",
    "side_effects": {
      "model_lifecycle": false,
      "route_mutation": false
    },
    "unsupported_telemetry": []
  },
  "ok": true
}
